RAM Allocation
Variable                                                          Address   Size
--------------------------------------------------------------------------------
prevLet                                                           03CFh        2
stat                                                              03D1h        1
prevX                                                             03D2h        1
prevY                                                             03D3h        1
rx_b0                                                             03D4h      200
txt_glcd_b0                                                       049Ch      160
NOMBRE_DISP                                                       053Ch        5
NUM_DISP                                                          0541h        5
btn1                                                              0546h        1
num_ruta_sel                                                      0547h        1
btn4                                                              0548h        1
btn5                                                              0549h        1
gsm                                                               054Ah        2
gps                                                               054Ch        2
ind_sen                                                           054Eh        2
reloj                                                             0550h        8
fecha                                                             0558h        8
punto                                                             0560h        4
pantalla                                                          0564h        1
no_pt                                                             0565h        4
unidades_ruta                                                     0569h        2
decenas_ruta                                                      056Bh        2
centenas_ruta                                                     056Dh        2
_laborando                                                        056Fh        1
time_count                                                        0570h        2
act                                                               0572h        2
_seg                                                              0574h        1
_seg1                                                             0575h        1
_minu                                                             0576h        1
_min1                                                             0577h        1
_hora                                                             0578h        1
_hora1                                                            0579h        1
_dia                                                              057Ah        1
_dia1                                                             057Bh        1
_mes                                                              057Ch        1
_mes1                                                             057Dh        1
_an                                                               057Eh        1
_an1                                                              057Fh        1
_seed                                                             0580h        4

EEPROM Allocation
Variable                                                          Address   Size
--------------------------------------------------------------------------------
seg                                                               0080h        1
seg1                                                              0082h        1
minu                                                              0084h        1
min1                                                              0086h        1
hora                                                              0088h        1
hora1                                                             008Ah        1
dia                                                               008Ch        1
dia1                                                              008Eh        1
mes                                                               0090h        1
mes1                                                              0092h        1
an                                                                0094h        1
an1                                                               0096h        1

Register Allocation
Variable                                                          Register  Size
--------------------------------------------------------------------------------
i_txt_glcd                                                        R4           1
i_txt_overflow                                                    R3           1
rx_wr_index0                                                      R6           1
rx_rd_index0                                                      R5           1
rx_counter0                                                       R8           1
rx_buffer_overflow0                                               GPIOR0.0  1bit
BIT_UART                                                          GPIOR0.1  1bit
ruta                                                              R7           1
bandera1                                                          R10          1
bandera2                                                          R9           1
bandera3                                                          R12          1
bandera4                                                          R11          1
bandera5                                                          R14          1
aceptar                                                           R13          1
