RAM Allocation
Variable                                                          Address   Size
--------------------------------------------------------------------------------
prevLet                                                           03F4h        2
stat                                                              03F6h        1
prevX                                                             03F7h        1
prevY                                                             03F8h        1
rx_b0                                                             03F9h      200
txt_glcd_b0                                                       04C1h      160
NOMBRE_DISP                                                       0561h        5
NUM_DISP                                                          0566h        5
btn1                                                              056Bh        1
num_ruta_sel                                                      056Ch        1
btn4                                                              056Dh        1
gsm                                                               056Eh        2
gps                                                               0570h        2
ind_sen                                                           0572h        2
reloj_c                                                           0574h        8
fecha                                                             057Ch        8
punto                                                             0584h        4
pantalla                                                          0588h        1
no_pt                                                             0589h        4
unidades_ruta                                                     058Dh        2
decenas_ruta                                                      058Fh        2
centenas_ruta                                                     0591h        2
_laborando                                                        0593h        1
i_timer_1                                                         0594h        1
conexion_skypatrol                                                0595h        1
time_count                                                        0596h        2
act                                                               0598h        2
Reloj                                                             059Ah       18
_seg                                                              05ACh        1
_seg1                                                             05ADh        1
_minu                                                             05AEh        1
_min1                                                             05AFh        1
_hora                                                             05B0h        1
_hora1                                                            05B1h        1
_dia                                                              05B2h        1
_dia1                                                             05B3h        1
_mes                                                              05B4h        1
_mes1                                                             05B5h        1
_an                                                               05B6h        1
_an1                                                              05B7h        1
_seed                                                             05B8h        4

EEPROM Allocation
Variable                                                          Address   Size
--------------------------------------------------------------------------------

Register Allocation
Variable                                                          Register  Size
--------------------------------------------------------------------------------
i_txt_glcd                                                        R4           1
i_txt_overflow                                                    R3           1
rx_wr_index0                                                      R6           1
rx_rd_index0                                                      R5           1
rx_counter0                                                       R8           1
rx_buffer_overflow0                                               GPIOR0.0  1bit
BIT_UART                                                          GPIOR0.1  1bit
ruta                                                              R7           1
bandera1                                                          R10          1
bandera2                                                          R9           1
bandera3                                                          R12          1
bandera4                                                          R11          1
bandera5                                                          R14          1
aceptar                                                           R13          1
