RAM Allocation
Variable                                                          Address   Size
--------------------------------------------------------------------------------
prevLet                                                           0406h        2
stat                                                              0408h        1
prevX                                                             0409h        1
prevY                                                             040Ah        1
rx_b0                                                             040Bh      200
txt_glcd_b0                                                       04D3h      160
NOMBRE_DISP                                                       0573h        5
NUM_DISP                                                          0578h        5
btn1                                                              057Dh        1
num_ruta_sel                                                      057Eh        1
btn4                                                              057Fh        1
gsm                                                               0580h        2
gps                                                               0582h        2
ind_sen                                                           0584h        2
reloj_c                                                           0586h        8
fecha                                                             058Eh        8
punto                                                             0596h        4
pantalla                                                          059Ah        1
no_pt                                                             059Bh        4
unidades_ruta                                                     059Fh        2
decenas_ruta                                                      05A1h        2
centenas_ruta                                                     05A3h        2
_laborando                                                        05A5h        1
i_timer_1                                                         05A6h        1
conexion_skypatrol                                                05A7h        1
time_count                                                        05A8h        2
act                                                               05AAh        2
Reloj                                                             05ACh       18
RelojGPS                                                          05BEh       18
_seg                                                              05D0h        1
_seg1                                                             05D1h        1
_minu                                                             05D2h        1
_min1                                                             05D3h        1
_hora                                                             05D4h        1
_hora1                                                            05D5h        1
_dia                                                              05D6h        1
_dia1                                                             05D7h        1
_mes                                                              05D8h        1
_mes1                                                             05D9h        1
_an                                                               05DAh        1
_an1                                                              05DBh        1
_seed                                                             05DCh        4

EEPROM Allocation
Variable                                                          Address   Size
--------------------------------------------------------------------------------

Register Allocation
Variable                                                          Register  Size
--------------------------------------------------------------------------------
i_txt_glcd                                                        R4           1
i_txt_overflow                                                    R3           1
rx_wr_index0                                                      R6           1
rx_rd_index0                                                      R5           1
rx_counter0                                                       R8           1
rx_buffer_overflow0                                               GPIOR0.0  1bit
BIT_UART                                                          GPIOR0.1  1bit
ruta                                                              R7           1
bandera1                                                          R10          1
bandera2                                                          R9           1
bandera3                                                          R12          1
bandera4                                                          R11          1
bandera5                                                          R14          1
aceptar                                                           R13          1
