RAM Allocation
Variable                                                          Address   Size
--------------------------------------------------------------------------------
prevLet                                                           0x0323       2
stat                                                              0x0325       1
prevX                                                             0x0326       1
prevY                                                             0x0327       1
rx_b0                                                             0x0328     200
str2                                                              0x03F0       5
str3                                                              0x03F5       8
btn5                                                              0x03FD       2
time_count                                                        0x03FF       2
act                                                               0x0401       2
gsm                                                               0x0403       2
gps                                                               0x0405       2
ind_sen                                                           0x0407       2
reloj                                                             0x0409       8
fecha                                                             0x0411       8
_seed                                                             0x0419       4

EEPROM Allocation
Variable                                                          Address   Size
--------------------------------------------------------------------------------
seg                                                               0x0000       2
seg1                                                              0x0002       2
minu                                                              0x0004       2
min1                                                              0x0006       2
hora                                                              0x0008       2
hora1                                                             0x000A       2
dia                                                               0x000C       2
dia1                                                              0x000E       2
mes                                                               0x0010       2
mes1                                                              0x0012       2
an                                                                0x0014       2
an1                                                               0x0016       2

Register Allocation
Variable                                                          Register  Size
--------------------------------------------------------------------------------
rx_wr_index0                                                      R4           1
rx_rd_index0                                                      R3           1
rx_counter0                                                       R6           1
rx_buffer_overflow0                                               GPIOR0.0  1bit
d                                                                 GPIOR0.1  1bit
btn1                                                              R7,R8        2
btn2                                                              R9,R10       2
btn3                                                              R11,R12      2
btn4                                                              R13,R14      2
aux                                                               R5           1
